==============================================================================
STAGE 4 -- ARCHITECTURE SEARCH, TWO ARMS
==============================================================================
  suite CAMELS   device mps   20 trials per arm   60 epochs   seeds [0, 1, 2]
  our baselines on CAMELS Omega_m: 2PCF + MLP 0.8597, LLS 49 params 0.8034, GNN mean pooling 0.6600, GNN sum pooling 0.8020, counting galaxies alone 0.5058
  train 600 clouds, mean size 2377

==============================================================================
ARM: OPEN   pooling options: mean, quasi, attention, fishnets, pna_blind, sum, max, pna_scaled
==============================================================================
/Users/danishmultani/KAAI/point_clouds/pointnet.py:118: UserWarning: index_reduce() is in beta and the API may change at any time. (Triggered internally at /Users/runner/miniforge3/conda-bld/libtorch_1781830596731/work/aten/src/ATen/native/TensorAdvancedIndexing.cpp:1515.)
  return out.fill_(-torch.inf).index_reduce_(0, index, values, "amax",
/Users/danishmultani/KAAI/point_clouds/pointnet.py:118: UserWarning: index_reduce() is in beta and the API may change at any time. (Triggered internally at /Users/runner/miniforge3/conda-bld/libtorch_1781830596731/work/aten/src/ATen/native/mps/operations/Indexing.mm:760.)
  return out.fill_(-torch.inf).index_reduce_(0, index, values, "amax",
    trial   0  +0.2958  [ 45.5s]  gnn pool=max h=32 L=1 Rc=0.02 ang=on basis=8 lr=3.7e-03
    trial   1  -0.0011  [ 32.9s]  deepsets pool=attention h=128 lr=1.1e-03
    trial   2  +0.4525  [128.9s]  gnn pool=fishnets h=128 L=3 Rc=0.01 ang=off basis=8 lr=9.3e-04
    trial   3  +0.0927  [  8.7s]  deepsets pool=max h=128 lr=1.1e-03
    trial   4  +0.2920  [ 13.3s]  deepsets pool=pna_scaled h=32 lr=1.4e-04
    trial   5  +0.4294  [ 41.4s]  gnn pool=fishnets h=32 L=4 Rc=0.01 ang=off basis=8 lr=2.9e-04
    trial   6  +0.2959  [  3.3s]  deepsets pool=sum h=64 lr=5.2e-04
    trial   7  +0.0255  [ 19.4s]  deepsets pool=quasi h=128 lr=1.3e-03
    trial   8  +0.0002  [ 75.7s]  gnn pool=max h=32 L=4 Rc=0.015 ang=off basis=8 lr=1.9e-04
    trial   9  +0.4319  [ 87.1s]  gnn pool=mean h=128 L=2 Rc=0.01 ang=off basis=16 lr=2.4e-04
    trial  10  +0.3800  [1651.8s]  gnn pool=pna_blind h=64 L=5 Rc=0.03 ang=on basis=16 lr=3.8e-03
    trial  11  +0.4444  [ 86.8s]  gnn pool=mean h=128 L=2 Rc=0.01 ang=off basis=16 lr=4.6e-04
    trial  12  +0.4457  [ 91.1s]  gnn pool=fishnets h=128 L=2 Rc=0.01 ang=off basis=16 lr=5.4e-04
    trial  13  +0.4490  [136.3s]  gnn pool=fishnets h=128 L=3 Rc=0.01 ang=off basis=16 lr=6.1e-04
    trial  14  +0.4526  [2237.2s]  gnn pool=fishnets h=128 L=3 Rc=0.01 ang=off basis=8 lr=2.0e-03
    trial  15  +0.4463  [376.1s]  gnn pool=fishnets h=128 L=3 Rc=0.02 ang=off basis=8 lr=2.1e-03
    trial  16  +0.4442  [115.6s]  gnn pool=fishnets h=64 L=3 Rc=0.015 ang=on basis=8 lr=2.0e-03
    trial  17  +0.4522  [8063.1s]  gnn pool=quasi h=128 L=4 Rc=0.03 ang=off basis=8 lr=2.1e-03
    trial  18  +0.4452  [188.6s]  gnn pool=pna_scaled h=128 L=3 Rc=0.01 ang=off basis=8 lr=4.7e-03
    trial  19  +0.4347  [ 39.5s]  gnn pool=attention h=64 L=1 Rc=0.01 ang=on basis=8 lr=8.1e-04

  winner: gnn pool=fishnets h=128 L=3 Rc=0.01 ang=off basis=8 lr=2.0e-03
  count-blind pooling: True
  TEST Omega_m   +0.6872 +/- 0.0180
  TEST sigma_8   +0.1734 +/- 0.0040

==============================================================================
  open      +0.6872 / +0.1734   pooling=fishnets  count-blind=True

  test set evaluations: 3
  wrote /Users/danishmultani/KAAI/point_clouds/results/architecture_search_CAMELS.json
